// Jest Snapshot v1, https://goo.gl/fbAQLP

exports[`snapshop of fontsizes 1`] = `
{
  "lg": "lg",
  "md": "md",
  "none": "none",
  "sm": "sm",
  "xl": "xl",
  "xs": "xs",
  "xxl": "xxl",
  "xxs": "xxs",
  "xxxl": "xxxl",
  "xxxs": "xxxs",
}
`;
